Downloading price data for 20 tickers...
Price data ready for 20/20 tickers.
Momentum: scored 20 tickers
Liquidity: scored 20 tickers
Quality: scored 20 tickers
Value: scored 20 tickers
Technical: scored 20 tickers
F&O Sentiment: scored 20 tickers
Events: scored 20 tickers
Dashboard rendered → D:\trade\output\reports\dashboard.html
Results saved: {'json': 'D:\\trade\\output\\reports\\scores_20260816_125005.json', 'latest_json': 'D:\\trade\\output\\reports\\latest.json', 'csv': 'D:\\trade\\output\\reports\\scores_20260816_125005.csv', 'html': 'D:\\trade\\output\\reports\\dashboard.html'}
Price data ready for 20/20 tickers.
Momentum: scored 20 tickers
Liquidity: scored 20 tickers
Quality: scored 20 tickers
Value: scored 20 tickers
Technical: scored 20 tickers
F&O Sentiment: scored 20 tickers
Events: scored 20 tickers
Dashboard rendered → D:\trade\output\reports\dashboard.html
Results saved: {'json': 'D:\\trade\\output\\reports\\scores_20260816_125112.json', 'latest_json': 'D:\\trade\\output\\reports\\latest.json', 'csv': 'D:\\trade\\output\\reports\\scores_20260816_125112.csv', 'html': 'D:\\trade\\output\\reports\\dashboard.html'}
Loaded 108 symbols from cached universe.
Downloading price data for 5 tickers...
$BATA.NS: possibly delisted; no price data found  (1d 2025-08-16 -> 2026-08-16)
$MCDOWELL-N.NS: possibly delisted; no timezone found
$TATAMOTORS.NS: possibly delisted; no timezone found
$ZOMATO.NS: possibly delisted; no timezone found
HTTP Error 404: {"quoteSummary":{"result":null,"error":{"code":"Not Found","description":"Quote not found for symbol: LTIM.NS"}}}
$LTIM.NS: possibly delisted; no timezone found

5 Failed downloads:
['BATA.NS']: possibly delisted; no price data found  (1d 2025-08-16 -> 2026-08-16)
['MCDOWELL-N.NS', 'TATAMOTORS.NS', 'ZOMATO.NS', 'LTIM.NS']: possibly delisted; no timezone found
Price data ready for 103/108 tickers.
HTTP Error 404: {"quoteSummary":{"result":null,"error":{"code":"Not Found","description":"Quote not found for symbol: TATAMOTORS.NS"}}}
HTTP Error 404: {"quoteSummary":{"result":null,"error":{"code":"Not Found","description":"Quote not found for symbol: LTIM.NS"}}}
Fundamental fetch failed for GNFC.NS: Failed to perform, curl: (23) Failure writing output to destination, passed 13 returned 0. See https://curl.se/libcurl/c/libcurl-errors.html first for more details.
Price data ready for 20/20 tickers.
Momentum: scored 20 tickers
Liquidity: scored 20 tickers
Quality: scored 20 tickers
Value: scored 20 tickers
Technical: scored 20 tickers
F&O Sentiment: scored 20 tickers
Events: scored 20 tickers
Dashboard rendered -> D:\trade\output\reports\dashboard.html
Results saved: {'json': 'D:\\trade\\output\\reports\\scores_20260816_131159.json', 'latest_json': 'D:\\trade\\output\\reports\\latest.json', 'csv': 'D:\\trade\\output\\reports\\scores_20260816_131159.csv', 'html': 'D:\\trade\\output\\reports\\dashboard.html'}
